21:39:57 **** Build of configuration Debug for project lab2 ****
make -j16 all 
arm-none-eabi-gcc -o "lab2.elf" @"objects.list"   -mcpu=cortex-m3 -T"C:\Users\xanlo\Desktop\MCU_LAB\MCU_LAB\STM32\LAB2\lab2\STM32F103C6UX_FLASH.ld" --specs=nosys.specs -Wl,-Map="lab2.map" -Wl,--gc-sections -static --specs=nano.specs -mfloat-abi=soft -mthumb -Wl,--start-group -lc -lm -Wl,--end-group
Finished building target: lab2.elf
 
arm-none-eabi-size   lab2.elf 
arm-none-eabi-objdump -h -S  lab2.elf  > "lab2.list"
arm-none-eabi-objcopy  -O ihex  lab2.elf  "lab2.hex"
arm-none-eabi-objcopy  -O binary  lab2.elf  "lab2.bin"
   text	   data	    bss	    dec	    hex	filename
   7204	     32	   1648	   8884	   22b4	lab2.elf
Finished building: default.size.stdout
 
Finished building: lab2.bin
Finished building: lab2.list
Finished building: lab2.hex
 
 
 
21:40:11 **** Incremental Build of configuration Debug for project lab2 ****
make -j16 all 
arm-none-eabi-size   lab2.elf 
   text	   data	    bss	    dec	    hex	filename
   7204	     32	   1648	   8884	   22b4	lab2.elf
Finished building: default.size.stdout
 
